E/FileTransfer( 3012): 	at java.util.concurrent.ThreadPoolExecutor$Worker.run(ThreadPoolExecutor.java:569)
E/FileTransfer( 3012): 	at java.lang.Thread.run(Thread.java:856)
E/FileTransfer( 3012): Caused by: libcore.io.ErrnoException: open failed: ENOENT (No such file or directory)
E/FileTransfer( 3012): 	at libcore.io.Posix.open(Native Method)
E/FileTransfer( 3012): 	at libcore.io.BlockGuardOs.open(BlockGuardOs.java:110)
E/FileTransfer( 3012): 	at libcore.io.IoBridge.open(IoBridge.java:400)
E/FileTransfer( 3012): 	... 8 more
I/Web Console( 3012): ERROR: {"code":1,"source":"/img/images3.jpeg","target":"http://localhost/ng-gallery/www/uplods/","http_status":null,"body":null,"exception":"/img/images3.jpeg: open failed: ENOENT (No such file or directory)"} at file:///android_asset/www/js/app.js:95
E/Genymotion(  311): Could not open '/sys/class/power_supply/genymotion_fake_path/present'
D/dalvikvm(  311): GC_CONCURRENT freed 668K, 10% free 13610K/14983K, paused 5ms+4ms, total 42ms
E/Genymotion(  311): Could not open '/sys/class/power_supply/genymotion_fake_path/present'
W/Web Console( 3012): No Content-Security-Policy meta tag found. Please add one when using the cordova-plugin-whitelist plugin. at file:///android_asset/www/plugins/cordova-plugin-whitelist/whitelist.js:26
E/Genymotion(  311): Could not open '/sys/class/power_supply/genymotion_fake_path/present'
E/Genymotion(  311): Could not open '/sys/class/power_supply/genymotion_fake_path/present'
W/Web Console( 3012): No Content-Security-Policy meta tag found. Please add one when using the cordova-plugin-whitelist plugin. at file:///android_asset/www/plugins/cordova-plugin-whitelist/whitelist.js:26
D/Genyd   (   56): Received Set Clipboard
D/Genymotion(   56): Received Set Clipboard
I/ClipboardService(  311): Got clipboard for user=0
I/ClipboardService(  311): Got clipboard for user=0
I/ClipboardService(  311): Got clipboard for user=0
I/ClipboardService(  311): Got clipboard for user=0
I/ClipboardService(  311): Got clipboard for user=0
E/Genymotion(  311): Could not open '/sys/class/power_supply/genymotion_fake_path/present'
E/Genymotion(  311): Could not open '/sys/class/power_supply/genymotion_fake_path/present'
W/Web Console( 3012): No Content-Security-Policy meta tag found. Please add one when using the cordova-plugin-whitelist plugin. at file:///android_asset/www/plugins/cordova-plugin-whitelist/whitelist.js:26
E/Genymotion(  311): Could not open '/sys/class/power_supply/genymotion_fake_path/present'
E/Genymotion(  311): Could not open '/sys/class/power_supply/genymotion_fake_path/present'
W/Web Console( 3012): No Content-Security-Policy meta tag found. Please add one when using the cordova-plugin-whitelist plugin. at file:///android_asset/www/plugins/cordova-plugin-whitelist/whitelist.js:26
E/Genymotion(  311): Could not open '/sys/class/power_supply/genymotion_fake_path/present'
E/Genymotion(  311): Could not open '/sys/class/power_supply/genymotion_fake_path/present'
W/Web Console( 3012): No Content-Security-Policy meta tag found. Please add one when using the cordova-plugin-whitelist plugin. at file:///android_asset/www/plugins/cordova-plugin-whitelist/whitelist.js:26
E/Genymotion(  311): Could not open '/sys/class/power_supply/genymotion_fake_path/present'
E/Genymotion(  311): Could not open '/sys/class/power_supply/genymotion_fake_path/present'
W/Web Console( 3012): No Content-Security-Policy meta tag found. Please add one when using the cordova-plugin-whitelist plugin. at file:///android_asset/www/plugins/cordova-plugin-whitelist/whitelist.js:26
E/Genymotion(  311): Could not open '/sys/class/power_supply/genymotion_fake_path/present'
E/Genymotion(  311): Could not open '/sys/class/power_supply/genymotion_fake_path/present'
W/Web Console( 3012): No Content-Security-Policy meta tag found. Please add one when using the cordova-plugin-whitelist plugin. at file:///android_asset/www/plugins/cordova-plugin-whitelist/whitelist.js:26
E/Genymotion(  311): Could not open '/sys/class/power_supply/genymotion_fake_path/present'
E/Genymotion(  311): Could not open '/sys/class/power_supply/genymotion_fake_path/present'
W/Web Console( 3012): No Content-Security-Policy meta tag found. Please add one when using the cordova-plugin-whitelist plugin. at file:///android_asset/www/plugins/cordova-plugin-whitelist/whitelist.js:26
E/Genymotion(  311): Could not open '/sys/class/power_supply/genymotion_fake_path/present'
E/Genymotion(  311): Could not open '/sys/class/power_supply/genymotion_fake_path/present'
W/Web Console( 3012): No Content-Security-Policy meta tag found. Please add one when using the cordova-plugin-whitelist plugin. at file:///android_asset/www/plugins/cordova-plugin-whitelist/whitelist.js:26
E/Genymotion(  311): Could not open '/sys/class/power_supply/genymotion_fake_path/present'
E/Genymotion(  311): Could not open '/sys/class/power_supply/genymotion_fake_path/present'
W/Web Console( 3012): No Content-Security-Policy meta tag found. Please add one when using the cordova-plugin-whitelist plugin. at file:///android_asset/www/plugins/cordova-plugin-whitelist/whitelist.js:26
E/Genymotion(  311): Could not open '/sys/class/power_supply/genymotion_fake_path/present'
E/Genymotion(  311): Could not open '/sys/class/power_supply/genymotion_fake_path/present'
W/Web Console( 3012): No Content-Security-Policy meta tag found. Please add one when using the cordova-plugin-whitelist plugin. at file:///android_asset/www/plugins/cordova-plugin-whitelist/whitelist.js:26
E/Genymotion(  311): Could not open '/sys/class/power_supply/genymotion_fake_path/present'
E/Genymotion(  311): Could not open '/sys/class/power_supply/genymotion_fake_path/present'
W/Web Console( 3012): No Content-Security-Policy meta tag found. Please add one when using the cordova-plugin-whitelist plugin. at file:///android_asset/www/plugins/cordova-plugin-whitelist/whitelist.js:26
E/Genymotion(  311): Could not open '/sys/class/power_supply/genymotion_fake_path/present'
E/Genymotion(  311): Could not open '/sys/class/power_supply/genymotion_fake_path/present'
W/Web Console( 3012): No Content-Security-Policy meta tag found. Please add one when using the cordova-plugin-whitelist plugin. at file:///android_asset/www/plugins/cordova-plugin-whitelist/whitelist.js:26
E/Genymotion(  311): Could not open '/sys/class/power_supply/genymotion_fake_path/present'
E/Genymotion(  311): Could not open '/sys/class/power_supply/genymotion_fake_path/present'
W/Web Console( 3012): No Content-Security-Policy meta tag found. Please add one when using the cordova-plugin-whitelist plugin. at file:///android_asset/www/plugins/cordova-plugin-whitelist/whitelist.js:26
E/Genymotion(  311): Could not open '/sys/class/power_supply/genymotion_fake_path/present'
E/Genymotion(  311): Could not open '/sys/class/power_supply/genymotion_fake_path/present'
W/Web Console( 3012): No Content-Security-Policy meta tag found. Please add one when using the cordova-plugin-whitelist plugin. at file:///android_asset/www/plugins/cordova-plugin-whitelist/whitelist.js:26
E/Genymotion(  311): Could not open '/sys/class/power_supply/genymotion_fake_path/present'
E/Genymotion(  311): Could not open '/sys/class/power_supply/genymotion_fake_path/present'
W/Web Console( 3012): No Content-Security-Policy meta tag found. Please add one when using the cordova-plugin-whitelist plugin. at file:///android_asset/www/plugins/cordova-plugin-whitelist/whitelist.js:26
E/Genymotion(  311): Could not open '/sys/class/power_supply/genymotion_fake_path/present'
E/Genymotion(  311): Could not open '/sys/class/power_supply/genymotion_fake_path/present'
W/Web Console( 3012): No Content-Security-Policy meta tag found. Please add one when using the cordova-plugin-whitelist plugin. at file:///android_asset/www/plugins/cordova-plugin-whitelist/whitelist.js:26
E/Genymotion(  311): Could not open '/sys/class/power_supply/genymotion_fake_path/present'
E/Genymotion(  311): Could not open '/sys/class/power_supply/genymotion_fake_path/present'
D/AndroidRuntime( 3058): 
D/AndroidRuntime( 3058): >>>>>> AndroidRuntime START com.android.internal.os.RuntimeInit <<<<<<
D/AndroidRuntime( 3058): CheckJNI is OFF
D/dalvikvm( 3058): Unable to stat classpath element '/system/framework/filterfw.jar'
D/dalvikvm( 3058): Trying to load lib libjavacore.so 0x0
D/dalvikvm( 3058): Added shared lib libjavacore.so 0x0
D/dalvikvm( 3058): Trying to load lib libnativehelper.so 0x0
D/dalvikvm( 3058): Added shared lib libnativehelper.so 0x0
D/AndroidRuntime( 3058): Calling main entry com.android.commands.pm.Pm
W/ActivityManager(  311): No content provider found for permission revoke: file:///data/local/tmp/android-debug.apk
D/dalvikvm( 1116): GC_CONCURRENT freed 360K, 5% free 10777K/11271K, paused 20ms+1ms, total 46ms
W/Web Console( 3012): No Content-Security-Policy meta tag found. Please add one when using the cordova-plugin-whitelist plugin. at file:///android_asset/www/plugins/cordova-plugin-whitelist/whitelist.js:26
W/ActivityManager(  311): No content provider found for permission revoke: file:///data/local/tmp/android-debug.apk
D/dalvikvm(  311): GC_CONCURRENT freed 503K, 8% free 13787K/14983K, paused 14ms+1ms, total 33ms
D/dalvikvm(  311): GC_CONCURRENT freed 682K, 8% free 13920K/14983K, paused 17ms+1ms, total 36ms
I/PackageManager(  311): Removing non-system package:com.ionicframework.starter
I/ActivityManager(  311): Force stopping package com.ionicframework.starter uid=10049
I/ActivityManager(  311): Killing proc 3012:com.ionicframework.starter/u0a49: force stop
W/ActivityManager(  311): Force removing ActivityRecord{537093a8 com.ionicframework.starter/.MainActivity}: app died, no saved state
I/qtaguid (  311): Failed write_ctrl(s 0 10049) res=-1 errno=1
W/NetworkManagementSocketTagger(  311): setKernelCountSet(10049, 0) failed with errno -1
I/qtaguid (  311): Failed write_ctrl(s 1 10021) res=-1 errno=1
W/NetworkManagementSocketTagger(  311): setKernelCountSet(10021, 1) failed with errno -1
I/WindowState(  311): WIN DEATH: Window{537df17c com.ionicframework.starter/com.ionicframework.starter.MainActivity paused=false}
I/PackageManager(  311): Package com.ionicframework.starter codePath changed from /data/app/com.ionicframework.starter-2.apk to /data/app/com.ionicframework.starter-1.apk; Retaining data and using new
I/PackageManager(  311): Running dexopt on: com.ionicframework.starter
D/dalvikvm( 3068): Unable to stat classpath element '/system/framework/filterfw.jar'
D/dalvikvm( 3068): DexOpt: load 33ms, verify+opt 57ms, 470716 bytes
W/EGL_genymotion(  500): eglSurfaceAttrib not implemented
W/InputMethodManagerService(  311): Got RemoteException sending setActive(false) notification to pid 3012 uid 10049
I/ActivityManager(  311): Force stopping package com.ionicframework.starter uid=10049
W/PackageManager(  311): Code path for pkg : com.ionicframework.starter changing from /data/app/com.ionicframework.starter-2.apk to /data/app/com.ionicframework.starter-1.apk
W/PackageManager(  311): Resource path for pkg : com.ionicframework.starter changing from /data/app/com.ionicframework.starter-2.apk to /data/app/com.ionicframework.starter-1.apk
D/OpenGLRenderer(  500): TextureCache::get: create texture(0xb7ad69f0): name, size, mSize = 260, 1600, 1255504
D/OpenGLRenderer(  500): TextureCache::get: create texture(0xb7af59b8): name, size, mSize = 261, 576, 1256080
D/OpenGLRenderer(  500): TextureCache::get: create texture(0xb7af59f0): name, size, mSize = 262, 576, 1256656
D/OpenGLRenderer(  500): TextureCache::get: create texture(0xb7a92ae0): name, size, mSize = 263, 4096, 1260752
D/OpenGLRenderer(  500): TextureCache::get: create texture(0xb7c0aa68): name, size, mSize = 264, 57344, 1318096
D/OpenGLRenderer(  500): TextureCache::get: create texture(0xb7ad43a0): name, size, mSize = 265, 36864, 1354960
D/OpenGLRenderer(  500): TextureCache::get: create texture(0xb7b29d80): name, size, mSize = 266, 36864, 1391824
D/OpenGLRenderer(  500): TextureCache::get: create texture(0xb7b80888): name, size, mSize = 268, 36864, 1428688
D/OpenGLRenderer(  500): TextureCache::get: create texture(0xb7b35670): name, size, mSize = 269, 36864, 1465552
D/OpenGLRenderer(  500): TextureCache::get: create texture(0xb7b185a8): name, size, mSize = 270, 36864, 1502416
D/OpenGLRenderer(  500): TextureCache::get: create texture(0xb7ac3f80): name, size, mSize = 271, 36864, 1539280
D/OpenGLRenderer(  500): TextureCache::get: create texture(0xb7b80580): name, size, mSize = 272, 614656, 2153936
D/PackageManager(  311): New package installed in /data/app/com.ionicframework.starter-1.apk
I/ActivityManager(  311): Force stopping package com.ionicframework.starter uid=10049
D/dalvikvm(  500): WAIT_FOR_CONCURRENT_GC blocked 0ms
D/dalvikvm(  536): WAIT_FOR_CONCURRENT_GC blocked 0ms
D/dalvikvm(  500): GC_EXPLICIT freed 293K, 7% free 14611K/15687K, paused 3ms+0ms, total 41ms
D/dalvikvm(  536): GC_EXPLICIT freed 138K, 4% free 10994K/11335K, paused 1ms+1ms, total 23ms
D/dalvikvm(  311): WAIT_FOR_CONCURRENT_GC blocked 0ms
I/InputReader(  311): Reconfiguring input devices.  changes=0x00000010
D/dalvikvm( 1154): GC_CONCURRENT freed 404K, 5% free 10729K/11271K, paused 3ms+0ms, total 9ms
I/InputReader(  311): Reconfiguring input devices.  changes=0x00000010
D/dalvikvm(  311): GC_EXPLICIT freed 1282K, 11% free 13481K/14983K, paused 27ms+2ms, total 171ms
D/PackageManager(  311): generateServicesMap(android.accounts.AccountAuthenticator): 2 services unchanged
D/dalvikvm(  311): WAIT_FOR_CONCURRENT_GC blocked 42ms
D/PackageManager(  311): generateServicesMap(android.content.SyncAdapter): 4 services unchanged
D/PackageManager(  311): generateServicesMap(android.accounts.AccountAuthenticator): 2 services unchanged
D/BackupManagerService(  311): Received broadcast Intent { act=android.intent.action.PACKAGE_REMOVED dat=package:com.ionicframework.starter flg=0x8000010 (has extras) }
D/PackageManager(  311): generateServicesMap(android.content.SyncAdapter): 4 services unchanged
D/BackupManagerService(  311): Received broadcast Intent { act=android.intent.action.PACKAGE_ADDED dat=package:com.ionicframework.starter flg=0x8000010 (has extras) }
V/BackupManagerService(  311): removePackageParticipantsLocked: uid=10049 #1
V/BackupManagerService(  311): addPackageParticipantsLocked: #1
W/ResourceType(  311): Failure getting entry for 0x7f060000 (t=5 e=0) in package 0 (error -75)
W/ResourceType(  311): Failure getting entry for 0x7f060000 (t=5 e=0) in package 0 (error -75)
W/InputMethodManagerService(  311): Found no subtypes in a system IME: com.android.inputmethod.pinyin
W/RecognitionManagerService(  311): no available voice recognition services found
D/dalvikvm(  311): GC_EXPLICIT freed 625K, 12% free 13228K/14983K, paused 2ms+4ms, total 148ms
D/AndroidRuntime( 3058): Shutting down VM
D/dalvikvm( 3058): GC_CONCURRENT freed 96K, 90% free 445K/4096K, paused 1ms+0ms, total 5ms
I/AndroidRuntime( 3058): NOTE: attach of thread 'Binder_3' failed
D/OpenGLRenderer(  500): TextureCache::get: create texture(0xb7a26cb0): name, size, mSize = 279, 57344, 2211280
D/AndroidRuntime( 3078): 
D/AndroidRuntime( 3078): >>>>>> AndroidRuntime START com.android.internal.os.RuntimeInit <<<<<<
D/AndroidRuntime( 3078): CheckJNI is OFF
D/dalvikvm( 3078): Unable to stat classpath element '/system/framework/filterfw.jar'
D/dalvikvm( 3078): Trying to load lib libjavacore.so 0x0
D/dalvikvm( 3078): Added shared lib libjavacore.so 0x0
D/dalvikvm( 3078): Trying to load lib libnativehelper.so 0x0
D/dalvikvm( 3078): Added shared lib libnativehelper.so 0x0
D/AndroidRuntime( 3078): Calling main entry com.android.commands.input.Input
I/Input   ( 3078): InjectKeyEvent: KeyEvent { action=ACTION_DOWN, keyCode=KEYCODE_MENU, scanCode=0, metaState=0, flags=0x0, repeatCount=0, eventTime=4660738, downTime=4660738, deviceId=-1, source=0x101 }
I/Input   ( 3078): InjectKeyEvent: KeyEvent { action=ACTION_UP, keyCode=KEYCODE_MENU, scanCode=0, metaState=0, flags=0x0, repeatCount=0, eventTime=4660738, downTime=4660738, deviceId=-1, source=0x101 }
W/AudioWatchdog(  128): Insufficient CPU for load: expected=50.0 actual=743.4 ms; underruns=8 logs=6
I/Choreographer(  500): Skipped 45 frames!  The application may be doing too much work on its main thread.
D/AndroidRuntime( 3078): Shutting down VM
D/dalvikvm( 3078): GC_CONCURRENT freed 98K, 90% free 440K/4096K, paused 1ms+1ms, total 7ms
I/AndroidRuntime( 3078): NOTE: attach of thread 'Binder_2' failed
W/EGL_genymotion(  500): eglSurfaceAttrib not implemented
E/Genymotion(  311): Could not open '/sys/class/power_supply/genymotion_fake_path/present'
D/AndroidRuntime( 3090): 
D/AndroidRuntime( 3090): >>>>>> AndroidRuntime START com.android.internal.os.RuntimeInit <<<<<<
D/AndroidRuntime( 3090): CheckJNI is OFF
D/dalvikvm( 3090): Unable to stat classpath element '/system/framework/filterfw.jar'
D/dalvikvm( 3090): Trying to load lib libjavacore.so 0x0
D/dalvikvm( 3090): Added shared lib libjavacore.so 0x0
D/dalvikvm( 3090): Trying to load lib libnativehelper.so 0x0
D/dalvikvm( 3090): Added shared lib libnativehelper.so 0x0
D/AndroidRuntime( 3090): Calling main entry com.android.commands.am.Am
I/ActivityManager(  311): START {act=android.intent.action.MAIN flg=0x10000000 cmp=com.ionicframework.starter/.MainActivity u=0} from pid 3090
E/SocketStream(  242): readFully was waiting for 716352 bytes, got 16192 
E/SocketStream(  242): readFully was waiting for 700160 bytes, got 4080 
E/SocketStream(  242): readFully was waiting for 696080 bytes, got 16192 
E/SocketStream(  242): readFully was waiting for 679888 bytes, got 4080 
E/SocketStream(  242): readFully was waiting for 675808 bytes, got 16192 
E/SocketStream(  242): readFully was waiting for 659616 bytes, got 4080 
E/SocketStream(  242): readFully was waiting for 655536 bytes, got 16192 
E/SocketStream(  242): readFully was waiting for 639344 bytes, got 4080 
E/SocketStream(  242): readFully was waiting for 635264 bytes, got 16192 
E/SocketStream(  242): readFully was waiting for 619072 bytes, got 6976 
E/SocketStream(  242): readFully was waiting for 612096 bytes, got 16192 
E/SocketStream(  242): readFully was waiting for 595904 bytes, got 4080 
E/SocketStream(  242): readFully was waiting for 591824 bytes, got 16192 
E/SocketStream(  242): readFully was waiting for 575632 bytes, got 5528 
E/SocketStream(  242): readFully was waiting for 570104 bytes, got 16192 
E/SocketStream(  242): readFully was waiting for 553912 bytes, got 5528 
E/SocketStream(  242): readFully was waiting for 548384 bytes, got 16192 
E/SocketStream(  242): readFully was waiting for 532192 bytes, got 5528 
E/SocketStream(  242): readFully was waiting for 526664 bytes, got 16192 
E/SocketStream(  242): readFully was waiting for 510472 bytes, got 5528 
E/SocketStream(  242): readFully was waiting for 504944 bytes, got 16192 
E/SocketStream(  242): readFully was waiting for 488752 bytes, got 5528 
E/SocketStream(  242): readFully was waiting for 483224 bytes, got 16192 
E/SocketStream(  242): readFully was waiting for 467032 bytes, got 6976 
E/SocketStream(  242): readFully was waiting for 460056 bytes, got 16192 
E/SocketStream(  242): readFully was waiting for 443864 bytes, got 6976 
E/SocketStream(  242): readFully was waiting for 436888 bytes, got 16192 
E/SocketStream(  242): readFully was waiting for 420696 bytes, got 6976 
E/SocketStream(  242): readFully was waiting for 413720 bytes, got 16192 
E/SocketStream(  242): readFully was waiting for 397528 bytes, got 8424 
E/SocketStream(  242): readFully was waiting for 389104 bytes, got 16192 
E/SocketStream(  242): readFully was waiting for 372912 bytes, got 8424 
E/SocketStream(  242): readFully was waiting for 364488 bytes, got 16192 
E/SocketStream(  242): readFully was waiting for 348296 bytes, got 8424 
E/SocketStream(  242): readFully was waiting for 339872 bytes, got 16192 
E/SocketStream(  242): readFully was waiting for 323680 bytes, got 8424 
E/SocketStream(  242): readFully was waiting for 315256 bytes, got 16192 
E/SocketStream(  242): readFully was waiting for 299064 bytes, got 8424 
E/SocketStream(  242): readFully was waiting for 290640 bytes, got 16192 
E/SocketStream(  242): readFully was waiting for 274448 bytes, got 8424 
E/SocketStream(  242): readFully was waiting for 266024 bytes, got 16192 
E/SocketStream(  242): readFully was waiting for 249832 bytes, got 9872 
E/SocketStream(  242): readFully was waiting for 239960 bytes, got 16192 
E/SocketStream(  242): readFully was waiting for 223768 bytes, got 9872 
E/SocketStream(  242): readFully was waiting for 213896 bytes, got 16192 
E/SocketStream(  242): readFully was waiting for 197704 bytes, got 11320 
E/SocketStream(  242): readFully was waiting for 186384 bytes, got 16192 
E/SocketStream(  242): readFully was waiting for 170192 bytes, got 9872 
E/SocketStream(  242): readFully was waiting for 160320 bytes, got 16192 
E/SocketStream(  242): readFully was waiting for 144128 bytes, got 11320 
E/SocketStream(  242): readFully was waiting for 132808 bytes, got 16192 
E/SocketStream(  242): readFully was waiting for 116616 bytes, got 11320 
E/SocketStream(  242): readFully was waiting for 105296 bytes, got 16192 
E/SocketStream(  242): readFully was waiting for 89104 bytes, got 11320 
E/SocketStream(  242): readFully was waiting for 77784 bytes, got 16192 
E/SocketStream(  242): readFully was waiting for 61592 bytes, got 12768 
E/SocketStream(  242): readFully was waiting for 48824 bytes, got 16192 
E/SocketStream(  242): readFully was waiting for 32632 bytes, got 11320 
E/SocketStream(  242): readFully was waiting for 21312 bytes, got 16192 
D/dalvikvm(  311): GC_CONCURRENT freed 146K, 10% free 13608K/14983K, paused 13ms+1ms, total 150ms
D/dalvikvm( 3099): Late-enabling CheckJNI
D/dalvikvm(  182): WAIT_FOR_CONCURRENT_GC blocked 0ms
I/ActivityManager(  311): Start proc com.ionicframework.starter for activity com.ionicframework.starter/.MainActivity: pid=3099 uid=10049 gids={3003, 1028}
D/dalvikvm(  182): GC_EXPLICIT freed 37K, 3% free 10689K/11011K, paused 3ms+11ms, total 64ms
D/dalvikvm(  182): WAIT_FOR_CONCURRENT_GC blocked 0ms
D/dalvikvm(  182): GC_EXPLICIT freed <1K, 3% free 10689K/11011K, paused 4ms+1ms, total 36ms
D/dalvikvm(  182): WAIT_FOR_CONCURRENT_GC blocked 0ms
D/dalvikvm(  182): GC_EXPLICIT freed <1K, 3% free 10689K/11011K, paused 1ms+0ms, total 47ms
D/OpenGLRenderer(  500): TextureCache::flush: target size: 1326768
D/OpenGLRenderer(  500): TextureCache::callback: name, removed size, mSize = 264, 57344, 2153936
D/OpenGLRenderer(  500): TextureCache::callback: name, removed size, mSize = 261, 576, 2153360
D/OpenGLRenderer(  500): TextureCache::callback: name, removed size, mSize = 262, 576, 2152784
D/OpenGLRenderer(  500): TextureCache::callback: name, removed size, mSize = 265, 36864, 2115920
D/OpenGLRenderer(  500): TextureCache::callback: name, removed size, mSize = 266, 36864, 2079056
D/OpenGLRenderer(  500): TextureCache::callback: name, removed size, mSize = 268, 36864, 2042192
D/OpenGLRenderer(  500): TextureCache::callback: name, removed size, mSize = 269, 36864, 2005328
D/OpenGLRenderer(  500): TextureCache::callback: name, removed size, mSize = 270, 36864, 1968464
D/OpenGLRenderer(  500): TextureCache::callback: name, removed size, mSize = 271, 36864, 1931600
D/OpenGLRenderer(  500): TextureCache::callback: name, removed size, mSize = 272, 614656, 1316944
I/qtaguid (  311): Failed write_ctrl(s 1 10049) res=-1 errno=1
W/NetworkManagementSocketTagger(  311): setKernelCountSet(10049, 1) failed with errno -1
I/dalvikvm( 3099): Could not find method android.app.Activity.checkSelfPermission, referenced from method org.apache.cordova.CordovaInterfaceImpl.hasPermission
W/dalvikvm( 3099): VFY: unable to resolve virtual method 1: Landroid/app/Activity;.checkSelfPermission (Ljava/lang/String;)I
D/dalvikvm( 3099): VFY: replacing opcode 0x6e at 0x0009
I/dalvikvm( 3099): Could not find method android.app.Activity.requestPermissions, referenced from method org.apache.cordova.CordovaInterfaceImpl.requestPermission
W/dalvikvm( 3099): VFY: unable to resolve virtual method 18: Landroid/app/Activity;.requestPermissions ([Ljava/lang/String;I)V
D/dalvikvm( 3099): VFY: replacing opcode 0x6e at 0x000c
I/dalvikvm( 3099): Could not find method android.app.Activity.requestPermissions, referenced from method org.apache.cordova.CordovaInterfaceImpl.requestPermissions
W/dalvikvm( 3099): VFY: unable to resolve virtual method 18: Landroid/app/Activity;.requestPermissions ([Ljava/lang/String;I)V
D/dalvikvm( 3099): VFY: replacing opcode 0x6e at 0x0006
I/dalvikvm( 3099): Could not find method android.webkit.WebView.setWebContentsDebuggingEnabled, referenced from method org.apache.cordova.engine.SystemWebViewEngine.enableRemoteDebugging
W/dalvikvm( 3099): VFY: unable to resolve static method 198: Landroid/webkit/WebView;.setWebContentsDebuggingEnabled (Z)V
D/dalvikvm( 3099): VFY: replacing opcode 0x71 at 0x0001
I/dalvikvm( 3099): Could not find method android.webkit.WebSettings.setMediaPlaybackRequiresUserGesture, referenced from method org.apache.cordova.engine.SystemWebViewEngine.initWebViewSettings
W/dalvikvm( 3099): VFY: unable to resolve virtual method 186: Landroid/webkit/WebSettings;.setMediaPlaybackRequiresUserGesture (Z)V
D/dalvikvm( 3099): VFY: replacing opcode 0x6e at 0x0080
I/dalvikvm( 3099): Could not find method android.webkit.CookieManager.setAcceptThirdPartyCookies, referenced from method org.apache.cordova.engine.SystemCookieManager.<init>
W/dalvikvm( 3099): VFY: unable to resolve virtual method 150: Landroid/webkit/CookieManager;.setAcceptThirdPartyCookies (Landroid/webkit/WebView;Z)V
D/dalvikvm( 3099): VFY: replacing opcode 0x6e at 0x0016
I/dalvikvm( 3099): Could not find method android.webkit.CookieManager.flush, referenced from method org.apache.cordova.engine.SystemCookieManager.flush
W/dalvikvm( 3099): VFY: unable to resolve virtual method 145: Landroid/webkit/CookieManager;.flush ()V
D/dalvikvm( 3099): VFY: replacing opcode 0x6e at 0x0008
W/dalvikvm( 3099): VFY: unable to find class referenced in signature (Landroid/webkit/ClientCertRequest;)
W/dalvikvm( 3099): VFY: unable to find class referenced in signature (Landroid/webkit/ClientCertRequest;)
I/dalvikvm( 3099): Could not find method android.webkit.WebViewClient.onReceivedClientCertRequest, referenced from method org.apache.cordova.engine.SystemWebViewClient.onReceivedClientCertRequest
W/dalvikvm( 3099): VFY: unable to resolve virtual method 203: Landroid/webkit/WebViewClient;.onReceivedClientCertRequest (Landroid/webkit/WebView;Landroid/webkit/ClientCertRequest;)V
D/dalvikvm( 3099): VFY: replacing opcode 0x6f at 0x001a
W/dalvikvm( 3099): VFY: unable to find class referenced in signature (Landroid/webkit/PermissionRequest;)
I/dalvikvm( 3099): Could not find method android.webkit.PermissionRequest.getResources, referenced from method org.apache.cordova.engine.SystemWebChromeClient.onPermissionRequest
W/dalvikvm( 3099): VFY: unable to resolve virtual method 161: Landroid/webkit/PermissionRequest;.getResources ()[Ljava/lang/String;
D/dalvikvm( 3099): VFY: replacing opcode 0x6e at 0x000d
I/dalvikvm( 3099): Could not find method android.webkit.WebChromeClient$FileChooserParams.createIntent, referenced from method org.apache.cordova.engine.SystemWebChromeClient.onShowFileChooser
W/dalvikvm( 3099): VFY: unable to resolve virtual method 166: Landroid/webkit/WebChromeClient$FileChooserParams;.createIntent ()Landroid/content/Intent;
D/dalvikvm( 3099): VFY: replacing opcode 0x6e at 0x0000
D/SystemWebViewEngine( 3099): CordovaWebView is running on device made by: Genymotion
I/SystemWebViewEngine( 3099): Disabled addJavascriptInterface() bridge since Android version is old.
D/libEGL  ( 3099): loaded /system/lib/egl/libEGL_genymotion.so
D/        ( 3099): HostConnection::get() New Host Connection established 0xb7b8ea18, tid 3099
E/SocketStream( 3099): readFully was waiting for 30848 bytes, got 16192 
E/SocketStream( 3099): readFully was waiting for 14656 bytes, got 6976 
D/libEGL  ( 3099): loaded /system/lib/egl/libGLESv1_CM_genymotion.so
D/libEGL  ( 3099): loaded /system/lib/egl/libGLESv2_genymotion.so
D/dalvikvm( 3099): GC_CONCURRENT freed 184K, 3% free 10970K/11271K, paused 25ms+3ms, total 39ms
D/chromium( 3099): Unknown chromium error: -6
W/EGL_genymotion( 3099): eglSurfaceAttrib not implemented
D/OpenGLRenderer( 3099): Enabling debug mode 0
I/Choreographer( 3099): Skipped 110 frames!  The application may be doing too much work on its main thread.
D/OpenGLRenderer( 3099): TextureCache::get: create texture(0xb7af28b8): name, size, mSize = 1, 1048576, 1048576
D/JsMessageQueue( 3099): Set native->JS mode to OnlineEventsBridgeMode
I/ActivityManager(  311): Displayed com.ionicframework.starter/.MainActivity: +3s236ms
D/AndroidRuntime( 3090): Shutting down VM
D/dalvikvm( 3090): GC_CONCURRENT freed 98K, 89% free 478K/4096K, paused 0ms+0ms, total 2ms
I/AndroidRuntime( 3090): NOTE: attach of thread 'Binder_3' failed
I/qtaguid (  311): Failed write_ctrl(s 0 10021) res=-1 errno=1
W/NetworkManagementSocketTagger(  311): setKernelCountSet(10021, 0) failed with errno -1
D/chromium( 3099): Unknown chromium error: -6
E/Genymotion(  311): Could not open '/sys/class/power_supply/genymotion_fake_path/present'
I/Web Console( 3099): VOB 2 at file:///android_asset/www/js/controller.js:4
D/chromium( 3099): Unknown chromium error: -6
D/TilesManager( 3099): new EGLContext from framework: b7ebcc68 
D/GLWebViewState( 3099): Reinit shader
D/GLWebViewState( 3099): Reinit transferQueue
D/dalvikvm( 3099): GC_CONCURRENT freed 530K, 7% free 10856K/11591K, paused 14ms+0ms, total 24ms
D/dalvikvm(  311): GC_CONCURRENT freed 655K, 10% free 13601K/14983K, paused 3ms+1ms, total 48ms
E/Genymotion(  311): Could not open '/sys/class/power_supply/genymotion_fake_path/present'
E/Genymotion(  311): Could not open '/sys/class/power_supply/genymotion_fake_path/present'
